=== CRYOLEDGER E2E WORKFLOW VERIFICATION ===
Registering Admin...
Admin registered successfully.
Logging in Admin...
Admin logged in successfully.
Registering Target Customer "cust_1783843637012"...
Customer registered successfully.
Registering Distributor "DIST_1783843637012"...
Registering Retailer "RET_1783843637012"...
Logging in Distributor...
Logging in Retailer...
Registering Product "PROD-TEST-1783843637012"...
Product registered successfully.
Assigning Product to Distributor...
Assigning Product to Retailer...
Product pre-assignments completed.
Verifying Distributor visibility...
Verifying Retailer eligibility (should not show before distributor dispatches)...
Visibility validation passed.
Distributor receiving product...
Distributor dispatching product (restricted transfer)...
Distributor dispatch successfully forwarded consignment to pre-assigned retailer without body request input.
Verifying Retailer visibility after distributor dispatch...
Retailer receiving product...
Retailer dispatching/handing over to customer...
Customer registering feedback with 5-star rating...
Customer feedback logged.
Admin checking dashboard rating stats...
Rating statistics correctly aggregated.
Admin issuing recall on product...
Retailer surrendering custody back for recall (verifying admin credentials via password confirmation)...
Returned for recall status logged.
Checking if returned product is hidden from distributor assignments...
Checking if returned product is hidden from retailer assignments...
Hiding filters validation passed.
Admin performing product repair & re-release...
Admin product repair reset database state correctly.
Testing Admin product cascade deletion...
Product records and cascade logs deleted successfully.
Cleaning up registered distributor, retailer and customer...
E2E tests clean up completed.

>>> ALL WORKFLOW TESTS PASSED SUCCESSFULLY! <<<
